// Jest Snapshot v1, https://goo.gl/fbAQLP

exports[`query metric records 1`] = `
Object {
  "data": Object {
    "metricRecords": Array [
      Object {
        "created_at": "2021-04-26T04:37:24.345Z",
        "value": 100,
      },
    ],
  },
  "errors": undefined,
  "extensions": undefined,
  "http": Object {
    "headers": Headers {
      Symbol(map): Object {},
    },
  },
}
`;
